// Jest Snapshot v1, https://goo.gl/fbAQLP

exports[`Testing VideoAddEdit Component renders correctly 1`] = `
<div
  className="MuiContainer-root css-ur2jdm-MuiContainer-root"
>
  <div
    className="MuiBox-root css-0"
  >
    <h4
      className="MuiTypography-root MuiTypography-h4 css-19v5luw-MuiTypography-root"
      data-testid="page-title"
    >
      Add Video
    </h4>
    <hr
      className="MuiDivider-root MuiDivider-fullWidth css-9mgopn-MuiDivider-root"
    />
    <form
      aria-label="Video Information"
      className="MuiBox-root css-0"
      onSubmit={[Function]}
      role="form"
    >
      <div
        className="MuiBox-root css-5vb4lz"
      >
        <div
          className="MuiFormControl-root MuiTextField-root css-w3s1g-MuiFormControl-root-MuiTextField-root"
          data-testid="video-name"
        >
          <label
            className="MuiInputLabel-root MuiInputLabel-formControl MuiInputLabel-animated MuiInputLabel-outlined MuiFormLabel-root MuiFormLabel-colorPrimary Mui-required css-14s5rfu-MuiFormLabel-root-MuiInputLabel-root"
            data-shrink={false}
            htmlFor=":r0:"
            id=":r0:-label"
          >
            Name
            <span
              aria-hidden={true}
              className="MuiInputLabel-asterisk MuiFormLabel-asterisk css-wgai2y-MuiFormLabel-asterisk"
            >
               
              *
            </span>
          </label>
          <div
            className="MuiOutlinedInput-root MuiInputBase-root MuiInputBase-colorPrimary MuiInputBase-formControl css-9ddj71-MuiInputBase-root-MuiOutlinedInput-root"
            onClick={[Function]}
          >
            <input
              aria-invalid={false}
              autoFocus={false}
              className="MuiOutlinedInput-input MuiInputBase-input css-1t8l2tu-MuiInputBase-input-MuiOutlinedInput-input"
              disabled={false}
              id=":r0:"
              name="name"
              onAnimationStart={[Function]}
              onBlur={[Function]}
              onChange={[Function]}
              onFocus={[Function]}
              required={true}
              type="text"
              value=""
            />
            <fieldset
              aria-hidden={true}
              className="MuiOutlinedInput-notchedOutline css-1d3z3hw-MuiOutlinedInput-notchedOutline"
            >
              <legend
                className="css-1ftyaf0"
              >
                <span>
                  Name
                   
                  *
                </span>
              </legend>
            </fieldset>
          </div>
        </div>
      </div>
      <div
        className="MuiBox-root css-1ebprri"
      >
        <div
          className="MuiFormControl-root css-1edjpmh-MuiFormControl-root"
        >
          <label
            className="MuiInputLabel-root MuiInputLabel-formControl MuiInputLabel-animated MuiInputLabel-shrink MuiInputLabel-outlined MuiFormLabel-root MuiFormLabel-colorPrimary MuiFormLabel-filled css-1sumxir-MuiFormLabel-root-MuiInputLabel-root"
            data-shrink={true}
          >
            Author *
          </label>
          <div
            className="MuiOutlinedInput-root MuiInputBase-root MuiInputBase-colorPrimary MuiInputBase-formControl css-9ddj71-MuiInputBase-root-MuiOutlinedInput-root"
            onClick={[Function]}
            required={true}
            variant="outlined"
          >
            <div
              aria-expanded="false"
              aria-haspopup="listbox"
              aria-labelledby="mui-component-select-author"
              className="MuiSelect-select MuiSelect-outlined MuiOutlinedInput-input MuiInputBase-input css-11u53oe-MuiSelect-select-MuiInputBase-input-MuiOutlinedInput-input"
              id="mui-component-select-author"
              onBlur={[Function]}
              onFocus={[Function]}
              onKeyDown={[Function]}
              onMouseDown={[Function]}
              role="button"
              tabIndex={0}
            >
              Please Select Author
            </div>
            <input
              aria-hidden={true}
              className="MuiSelect-nativeInput css-yf8vq0-MuiSelect-nativeInput"
              disabled={false}
              name="author"
              onAnimationStart={[Function]}
              onChange={[Function]}
              placeholder="Author"
              required={true}
              tabIndex={-1}
              value={-1}
            />
            <svg
              aria-hidden={true}
              className="MuiSvgIcon-root MuiSvgIcon-fontSizeMedium MuiSelect-icon MuiSelect-iconOutlined css-hfutr2-MuiSvgIcon-root-MuiSelect-icon"
              data-testid="ArrowDropDownIcon"
              focusable="false"
              viewBox="0 0 24 24"
            >
              <path
                d="M7 10l5 5 5-5z"
              />
            </svg>
            <fieldset
              aria-hidden={true}
              className="MuiOutlinedInput-notchedOutline css-1d3z3hw-MuiOutlinedInput-notchedOutline"
            >
              <legend
                className="css-1in441m"
              >
                <span>
                  Author
                   
                  *
                </span>
              </legend>
            </fieldset>
          </div>
        </div>
      </div>
      <div
        className="MuiBox-root css-5vb4lz"
      >
        <div
          className="MuiFormControl-root css-1edjpmh-MuiFormControl-root"
        >
          <label
            className="MuiInputLabel-root MuiInputLabel-formControl MuiInputLabel-animated MuiInputLabel-outlined MuiFormLabel-root MuiFormLabel-colorPrimary css-14s5rfu-MuiFormLabel-root-MuiInputLabel-root"
            data-shrink={false}
          >
            Video Categories *
          </label>
          <div
            className="MuiOutlinedInput-root MuiInputBase-root MuiInputBase-colorPrimary MuiInputBase-formControl css-9ddj71-MuiInputBase-root-MuiOutlinedInput-root"
            onClick={[Function]}
            required={true}
            variant="outlined"
          >
            <div
              aria-expanded="false"
              aria-haspopup="listbox"
              className="MuiSelect-select MuiSelect-outlined MuiSelect-multiple MuiOutlinedInput-input MuiInputBase-input css-11u53oe-MuiSelect-select-MuiInputBase-input-MuiOutlinedInput-input"
              onBlur={[Function]}
              onFocus={[Function]}
              onKeyDown={[Function]}
              onMouseDown={[Function]}
              role="button"
              tabIndex={0}
            >
              <span
                className="notranslate"
              >
                ​
              </span>
            </div>
            <input
              aria-hidden={true}
              className="MuiSelect-nativeInput css-yf8vq0-MuiSelect-nativeInput"
              disabled={false}
              onAnimationStart={[Function]}
              onChange={[Function]}
              required={true}
              tabIndex={-1}
              value=""
            />
            <svg
              aria-hidden={true}
              className="MuiSvgIcon-root MuiSvgIcon-fontSizeMedium MuiSelect-icon MuiSelect-iconOutlined css-hfutr2-MuiSvgIcon-root-MuiSelect-icon"
              data-testid="ArrowDropDownIcon"
              focusable="false"
              viewBox="0 0 24 24"
            >
              <path
                d="M7 10l5 5 5-5z"
              />
            </svg>
            <fieldset
              aria-hidden={true}
              className="MuiOutlinedInput-notchedOutline css-1d3z3hw-MuiOutlinedInput-notchedOutline"
            >
              <legend
                className="css-1ftyaf0"
              >
                <span>
                  Video Categories *
                   
                  *
                </span>
              </legend>
            </fieldset>
          </div>
        </div>
      </div>
      <div
        className="MuiBox-root css-5vb4lz"
      >
        <button
          className="MuiButton-root MuiButton-contained MuiButton-containedPrimary MuiButton-sizeMedium MuiButton-containedSizeMedium MuiButtonBase-root Mui-disabled  css-bh137t-MuiButtonBase-root-MuiButton-root"
          disabled={true}
          onBlur={[Function]}
          onContextMenu={[Function]}
          onDragLeave={[Function]}
          onFocus={[Function]}
          onKeyDown={[Function]}
          onKeyUp={[Function]}
          onMouseDown={[Function]}
          onMouseLeave={[Function]}
          onMouseUp={[Function]}
          onTouchEnd={[Function]}
          onTouchMove={[Function]}
          onTouchStart={[Function]}
          tabIndex={-1}
          type="submit"
        >
          Submit
        </button>
        <button
          className="MuiButton-root MuiButton-contained MuiButton-containedSecondary MuiButton-sizeMedium MuiButton-containedSizeMedium MuiButtonBase-root  css-zcbmsk-MuiButtonBase-root-MuiButton-root"
          disabled={false}
          onBlur={[Function]}
          onClick={[Function]}
          onContextMenu={[Function]}
          onDragLeave={[Function]}
          onFocus={[Function]}
          onKeyDown={[Function]}
          onKeyUp={[Function]}
          onMouseDown={[Function]}
          onMouseLeave={[Function]}
          onMouseUp={[Function]}
          onTouchEnd={[Function]}
          onTouchMove={[Function]}
          onTouchStart={[Function]}
          tabIndex={0}
          type="button"
        >
          Cancel
        </button>
      </div>
    </form>
  </div>
</div>
`;

exports[`Testing VideoAddEdit Component should render correctly 1`] = `
<div
  className="MuiContainer-root css-ur2jdm-MuiContainer-root"
>
  <div
    className="MuiBox-root css-0"
  >
    <h4
      className="MuiTypography-root MuiTypography-h4 css-19v5luw-MuiTypography-root"
      data-testid="page-title"
    >
      Add Video
    </h4>
    <hr
      className="MuiDivider-root MuiDivider-fullWidth css-9mgopn-MuiDivider-root"
    />
    <form
      aria-label="Video Information"
      className="MuiBox-root css-0"
      onSubmit={[Function]}
      role="form"
    >
      <div
        className="MuiBox-root css-5vb4lz"
      >
        <div
          className="MuiFormControl-root MuiTextField-root css-w3s1g-MuiFormControl-root-MuiTextField-root"
          data-testid="video-name"
        >
          <label
            className="MuiInputLabel-root MuiInputLabel-formControl MuiInputLabel-animated MuiInputLabel-outlined MuiFormLabel-root MuiFormLabel-colorPrimary Mui-required css-14s5rfu-MuiFormLabel-root-MuiInputLabel-root"
            data-shrink={false}
            htmlFor=":r0:"
            id=":r0:-label"
          >
            Name
            <span
              aria-hidden={true}
              className="MuiInputLabel-asterisk MuiFormLabel-asterisk css-wgai2y-MuiFormLabel-asterisk"
            >
               
              *
            </span>
          </label>
          <div
            className="MuiOutlinedInput-root MuiInputBase-root MuiInputBase-colorPrimary MuiInputBase-formControl css-9ddj71-MuiInputBase-root-MuiOutlinedInput-root"
            onClick={[Function]}
          >
            <input
              aria-invalid={false}
              autoFocus={false}
              className="MuiOutlinedInput-input MuiInputBase-input css-1t8l2tu-MuiInputBase-input-MuiOutlinedInput-input"
              disabled={false}
              id=":r0:"
              name="name"
              onAnimationStart={[Function]}
              onBlur={[Function]}
              onChange={[Function]}
              onFocus={[Function]}
              required={true}
              type="text"
              value=""
            />
            <fieldset
              aria-hidden={true}
              className="MuiOutlinedInput-notchedOutline css-1d3z3hw-MuiOutlinedInput-notchedOutline"
            >
              <legend
                className="css-1ftyaf0"
              >
                <span>
                  Name
                   
                  *
                </span>
              </legend>
            </fieldset>
          </div>
        </div>
      </div>
      <div
        className="MuiBox-root css-1ebprri"
      >
        <div
          className="MuiFormControl-root css-1edjpmh-MuiFormControl-root"
        >
          <label
            className="MuiInputLabel-root MuiInputLabel-formControl MuiInputLabel-animated MuiInputLabel-shrink MuiInputLabel-outlined MuiFormLabel-root MuiFormLabel-colorPrimary MuiFormLabel-filled css-1sumxir-MuiFormLabel-root-MuiInputLabel-root"
            data-shrink={true}
          >
            Author *
          </label>
          <div
            className="MuiOutlinedInput-root MuiInputBase-root MuiInputBase-colorPrimary MuiInputBase-formControl css-9ddj71-MuiInputBase-root-MuiOutlinedInput-root"
            onClick={[Function]}
            required={true}
            variant="outlined"
          >
            <div
              aria-expanded="false"
              aria-haspopup="listbox"
              aria-labelledby="mui-component-select-author"
              className="MuiSelect-select MuiSelect-outlined MuiOutlinedInput-input MuiInputBase-input css-11u53oe-MuiSelect-select-MuiInputBase-input-MuiOutlinedInput-input"
              id="mui-component-select-author"
              onBlur={[Function]}
              onFocus={[Function]}
              onKeyDown={[Function]}
              onMouseDown={[Function]}
              role="button"
              tabIndex={0}
            >
              Please Select Author
            </div>
            <input
              aria-hidden={true}
              className="MuiSelect-nativeInput css-yf8vq0-MuiSelect-nativeInput"
              disabled={false}
              name="author"
              onAnimationStart={[Function]}
              onChange={[Function]}
              placeholder="Author"
              required={true}
              tabIndex={-1}
              value={-1}
            />
            <svg
              aria-hidden={true}
              className="MuiSvgIcon-root MuiSvgIcon-fontSizeMedium MuiSelect-icon MuiSelect-iconOutlined css-hfutr2-MuiSvgIcon-root-MuiSelect-icon"
              data-testid="ArrowDropDownIcon"
              focusable="false"
              viewBox="0 0 24 24"
            >
              <path
                d="M7 10l5 5 5-5z"
              />
            </svg>
            <fieldset
              aria-hidden={true}
              className="MuiOutlinedInput-notchedOutline css-1d3z3hw-MuiOutlinedInput-notchedOutline"
            >
              <legend
                className="css-1in441m"
              >
                <span>
                  Author
                   
                  *
                </span>
              </legend>
            </fieldset>
          </div>
        </div>
      </div>
      <div
        className="MuiBox-root css-5vb4lz"
      >
        <div
          className="MuiFormControl-root css-1edjpmh-MuiFormControl-root"
        >
          <label
            className="MuiInputLabel-root MuiInputLabel-formControl MuiInputLabel-animated MuiInputLabel-outlined MuiFormLabel-root MuiFormLabel-colorPrimary css-14s5rfu-MuiFormLabel-root-MuiInputLabel-root"
            data-shrink={false}
          >
            Video Categories *
          </label>
          <div
            className="MuiOutlinedInput-root MuiInputBase-root MuiInputBase-colorPrimary MuiInputBase-formControl css-9ddj71-MuiInputBase-root-MuiOutlinedInput-root"
            onClick={[Function]}
            required={true}
            variant="outlined"
          >
            <div
              aria-expanded="false"
              aria-haspopup="listbox"
              className="MuiSelect-select MuiSelect-outlined MuiSelect-multiple MuiOutlinedInput-input MuiInputBase-input css-11u53oe-MuiSelect-select-MuiInputBase-input-MuiOutlinedInput-input"
              onBlur={[Function]}
              onFocus={[Function]}
              onKeyDown={[Function]}
              onMouseDown={[Function]}
              role="button"
              tabIndex={0}
            >
              <span
                className="notranslate"
              >
                ​
              </span>
            </div>
            <input
              aria-hidden={true}
              className="MuiSelect-nativeInput css-yf8vq0-MuiSelect-nativeInput"
              disabled={false}
              onAnimationStart={[Function]}
              onChange={[Function]}
              required={true}
              tabIndex={-1}
              value=""
            />
            <svg
              aria-hidden={true}
              className="MuiSvgIcon-root MuiSvgIcon-fontSizeMedium MuiSelect-icon MuiSelect-iconOutlined css-hfutr2-MuiSvgIcon-root-MuiSelect-icon"
              data-testid="ArrowDropDownIcon"
              focusable="false"
              viewBox="0 0 24 24"
            >
              <path
                d="M7 10l5 5 5-5z"
              />
            </svg>
            <fieldset
              aria-hidden={true}
              className="MuiOutlinedInput-notchedOutline css-1d3z3hw-MuiOutlinedInput-notchedOutline"
            >
              <legend
                className="css-1ftyaf0"
              >
                <span>
                  Video Categories *
                   
                  *
                </span>
              </legend>
            </fieldset>
          </div>
        </div>
      </div>
      <div
        className="MuiBox-root css-5vb4lz"
      >
        <button
          className="MuiButton-root MuiButton-contained MuiButton-containedPrimary MuiButton-sizeMedium MuiButton-containedSizeMedium MuiButtonBase-root Mui-disabled  css-bh137t-MuiButtonBase-root-MuiButton-root"
          disabled={true}
          onBlur={[Function]}
          onContextMenu={[Function]}
          onDragLeave={[Function]}
          onFocus={[Function]}
          onKeyDown={[Function]}
          onKeyUp={[Function]}
          onMouseDown={[Function]}
          onMouseLeave={[Function]}
          onMouseUp={[Function]}
          onTouchEnd={[Function]}
          onTouchMove={[Function]}
          onTouchStart={[Function]}
          tabIndex={-1}
          type="submit"
        >
          Submit
        </button>
        <button
          className="MuiButton-root MuiButton-contained MuiButton-containedSecondary MuiButton-sizeMedium MuiButton-containedSizeMedium MuiButtonBase-root  css-zcbmsk-MuiButtonBase-root-MuiButton-root"
          disabled={false}
          onBlur={[Function]}
          onClick={[Function]}
          onContextMenu={[Function]}
          onDragLeave={[Function]}
          onFocus={[Function]}
          onKeyDown={[Function]}
          onKeyUp={[Function]}
          onMouseDown={[Function]}
          onMouseLeave={[Function]}
          onMouseUp={[Function]}
          onTouchEnd={[Function]}
          onTouchMove={[Function]}
          onTouchStart={[Function]}
          tabIndex={0}
          type="button"
        >
          Cancel
        </button>
      </div>
    </form>
  </div>
</div>
`;
